=== nvme scheduler A/B  2026-08-30T11:53:29+02:00
arms: none kyber none   300s each   devices: nvme0n1 nvme1n1 nvme2n1
baseline schedulers: kyber kyber kyber
keep the same project playing for the whole run; do not touch the transport

--- arm 1/3: none
measuring 300s ...
  start alsa_input.pci-0000_08_00.0.pro-input-0=5729
  start alsa_output.pci-0000_08_00.0.pro-output-0=8
  start Studio=20
  end   alsa_input.pci-0000_08_00.0.pro-input-0=11240
  end   alsa_output.pci-0000_08_00.0.pro-output-0=10
  end   Studio=31

  Bitwig       (AUDIBLE)            20 -> 31       +11   0.037/s
  RME playback (AUDIBLE)             8 -> 10        +2   0.007/s
  RME capture  (unused, ignore)   5729 -> 11240  +5511   18.370/s
  disk over the same window:
    nvme0n1  reads     +45  read      +0.3 MB  read-wait     +27 ms   writes   +2086  written     +30.0 MB  busy   +1465 ms (0.5%)
    nvme1n1  reads      +0  read      +0.0 MB  read-wait      +0 ms   writes    +210  written      +1.8 MB  busy    +378 ms (0.1%)
    nvme2n1  reads      +0  read      +0.0 MB  read-wait      +0 ms   writes      +0  written      +0.0 MB  busy      +0 ms (0.0%)

--- arm 2/3: kyber
measuring 300s ...
  start alsa_input.pci-0000_08_00.0.pro-input-0=11240
  start alsa_output.pci-0000_08_00.0.pro-output-0=10
  start Studio=31
restored: kyber kyber kyber
  disk over the same window:
    nvme0n1  reads    +512  read     +61.5 MB  read-wait    +164 ms   writes   +1681  written     +23.9 MB  busy    +625 ms (0.2%)
    nvme1n1  reads      +0  read      +0.0 MB  read-wait      +0 ms   writes    +103  written      +0.9 MB  busy    +190 ms (0.1%)
    nvme2n1  reads      +0  read      +0.0 MB  read-wait      +0 ms   writes      +0  written      +0.0 MB  busy      +0 ms (0.0%)

--- arm 3/3: none
measuring 300s ...
  start alsa_input.pci-0000_08_00.0.pro-input-0=13179
  start alsa_output.pci-0000_08_00.0.pro-output-0=12
  start Studio=37
  disk over the same window:
    nvme0n1  reads      +0  read      +0.0 MB  read-wait      +0 ms   writes      +0  written      +0.0 MB  busy      +0 ms (0.0%)
    nvme1n1  reads      +0  read      +0.0 MB  read-wait      +0 ms   writes      +0  written      +0.0 MB  busy      +0 ms (0.0%)
    nvme2n1  reads      +0  read      +0.0 MB  read-wait      +0 ms   writes      +0  written      +0.0 MB  busy      +0 ms (0.0%)

